// Jest Snapshot v1, https://goo.gl/fbAQLP

exports[`Header renders correctly 1`] = `
<nav
  className="sc-gZMcBi ivtaed"
>
  <div
    className="sc-bdVaJa sc-bxivhb djuapn"
    width="100%"
  >
    <div
      className="sc-bdVaJa sc-ifAKCX iIuyWU"
    >
      <h1
        className="sc-bdVaJa sc-EHOje sc-bZQynM kKcxZB"
        style={
          Object {
            "fontSize": 25,
          }
        }
      >
        <a
          href="/"
          style={
            Object {
              "color": "white",
              "textDecoration": "none",
            }
          }
        >
          Seitentitel
        </a>
      </h1>
    </div>
  </div>
</nav>
`;
